\BOOKMARK [1][-]{section.1}{\376\377\000P\000r\000o\000j\000e\000c\000t\000\040\000L\000i\000n\000k\000s}{}% 1
\BOOKMARK [1][-]{section.2}{\376\377\000I\000n\000t\000r\000o\000d\000u\000c\000t\000i\000o\000n}{}% 2
\BOOKMARK [2][-]{subsection.2.1}{\376\377\000P\000r\000o\000b\000l\000e\000m\000\040\000D\000e\000f\000i\000n\000i\000t\000i\000o\000n\000\040\000\046\000\040\000C\000o\000n\000t\000e\000x\000t}{section.2}% 3
\BOOKMARK [2][-]{subsection.2.2}{\376\377\000T\000a\000r\000g\000e\000t\000\040\000U\000s\000e\000r\000s\000\040\000\046\000\040\000U\000s\000e\000\040\000C\000a\000s\000e\000s}{section.2}% 4
\BOOKMARK [2][-]{subsection.2.3}{\376\377\000C\000o\000r\000e\000\040\000F\000e\000a\000t\000u\000r\000e\000s}{section.2}% 5
\BOOKMARK [3][-]{subsubsection.2.3.1}{\376\377\000A\000u\000t\000h\000e\000n\000t\000i\000c\000a\000t\000i\000o\000n\000\040\000\046\000\040\000A\000u\000t\000h\000o\000r\000i\000z\000a\000t\000i\000o\000n}{subsection.2.3}% 6
\BOOKMARK [3][-]{subsubsection.2.3.2}{\376\377\000M\000e\000m\000b\000e\000r\000s\000h\000i\000p\000\040\000M\000a\000n\000a\000g\000e\000m\000e\000n\000t}{subsection.2.3}% 7
\BOOKMARK [3][-]{subsubsection.2.3.3}{\376\377\000D\000e\000m\000o\000c\000r\000a\000t\000i\000c\000\040\000E\000l\000e\000c\000t\000i\000o\000n\000\040\000S\000y\000s\000t\000e\000m}{subsection.2.3}% 8
\BOOKMARK [3][-]{subsubsection.2.3.4}{\376\377\000E\000v\000e\000n\000t\000\040\000\046\000\040\000W\000o\000r\000k\000s\000h\000o\000p\000\040\000M\000a\000n\000a\000g\000e\000m\000e\000n\000t}{subsection.2.3}% 9
\BOOKMARK [3][-]{subsubsection.2.3.5}{\376\377\000G\000o\000v\000e\000r\000n\000a\000n\000c\000e\000\040\000\046\000\040\000A\000d\000m\000i\000n\000i\000s\000t\000r\000a\000t\000i\000o\000n}{subsection.2.3}% 10
\BOOKMARK [3][-]{subsubsection.2.3.6}{\376\377\000M\000e\000e\000t\000i\000n\000g\000\040\000M\000a\000n\000a\000g\000e\000m\000e\000n\000t}{subsection.2.3}% 11
\BOOKMARK [3][-]{subsubsection.2.3.7}{\376\377\000F\000i\000n\000a\000n\000c\000i\000a\000l\000\040\000M\000a\000n\000a\000g\000e\000m\000e\000n\000t}{subsection.2.3}% 12
\BOOKMARK [3][-]{subsubsection.2.3.8}{\376\377\000C\000o\000m\000m\000u\000n\000i\000c\000a\000t\000i\000o\000n\000\040\000S\000y\000s\000t\000e\000m}{subsection.2.3}% 13
\BOOKMARK [2][-]{subsection.2.4}{\376\377\000T\000e\000c\000h\000\040\000S\000t\000a\000c\000k\000\040\000O\000v\000e\000r\000v\000i\000e\000w}{section.2}% 14
\BOOKMARK [3][-]{subsubsection.2.4.1}{\376\377\000F\000r\000o\000n\000t\000e\000n\000d\000\040\000T\000e\000c\000h\000n\000o\000l\000o\000g\000i\000e\000s}{subsection.2.4}% 15
\BOOKMARK [3][-]{subsubsection.2.4.2}{\376\377\000B\000a\000c\000k\000e\000n\000d\000\040\000T\000e\000c\000h\000n\000o\000l\000o\000g\000i\000e\000s}{subsection.2.4}% 16
\BOOKMARK [3][-]{subsubsection.2.4.3}{\376\377\000D\000e\000v\000O\000p\000s\000\040\000\046\000\040\000I\000n\000f\000r\000a\000s\000t\000r\000u\000c\000t\000u\000r\000e}{subsection.2.4}% 17
\BOOKMARK [3][-]{subsubsection.2.4.4}{\376\377\000T\000h\000i\000r\000d\000-\000P\000a\000r\000t\000y\000\040\000S\000e\000r\000v\000i\000c\000e\000s}{subsection.2.4}% 18
\BOOKMARK [3][-]{subsubsection.2.4.5}{\376\377\000S\000t\000a\000t\000e\000\040\000M\000a\000n\000a\000g\000e\000m\000e\000n\000t\000\040\000S\000o\000l\000u\000t\000i\000o\000n}{subsection.2.4}% 19
\BOOKMARK [1][-]{section.3}{\376\377\000S\000y\000s\000t\000e\000m\000\040\000A\000r\000c\000h\000i\000t\000e\000c\000t\000u\000r\000e}{}% 20
\BOOKMARK [2][-]{subsection.3.1}{\376\377\000A\000r\000c\000h\000i\000t\000e\000c\000t\000u\000r\000a\000l\000\040\000O\000v\000e\000r\000v\000i\000e\000w}{section.3}% 21
\BOOKMARK [3][-]{subsubsection.3.1.1}{\376\377\000H\000i\000g\000h\000-\000L\000e\000v\000e\000l\000\040\000S\000y\000s\000t\000e\000m\000\040\000A\000r\000c\000h\000i\000t\000e\000c\000t\000u\000r\000e}{subsection.3.1}% 22
\BOOKMARK [2][-]{subsection.3.2}{\376\377\000F\000r\000o\000n\000t\000e\000n\000d\000\040\000A\000r\000c\000h\000i\000t\000e\000c\000t\000u\000r\000e}{section.3}% 23
\BOOKMARK [3][-]{subsubsection.3.2.1}{\376\377\000C\000o\000m\000p\000o\000n\000e\000n\000t\000\040\000A\000r\000c\000h\000i\000t\000e\000c\000t\000u\000r\000e\000\040\000\046\000\040\000S\000t\000a\000t\000e\000\040\000M\000a\000n\000a\000g\000e\000m\000e\000n\000t}{subsection.3.2}% 24
\BOOKMARK [2][-]{subsection.3.3}{\376\377\000B\000a\000c\000k\000e\000n\000d\000\040\000A\000r\000c\000h\000i\000t\000e\000c\000t\000u\000r\000e}{section.3}% 25
\BOOKMARK [2][-]{subsection.3.4}{\376\377\000D\000a\000t\000a\000b\000a\000s\000e\000\040\000D\000e\000s\000i\000g\000n\000\040\000\046\000\040\000E\000R\000D}{section.3}% 26
\BOOKMARK [2][-]{subsection.3.5}{\376\377\000D\000a\000t\000a\000\040\000S\000y\000n\000c\000h\000r\000o\000n\000i\000z\000a\000t\000i\000o\000n\000\040\000M\000e\000c\000h\000a\000n\000i\000c\000s}{section.3}% 27
\BOOKMARK [1][-]{section.4}{\376\377\000A\000P\000I\000\040\000D\000o\000c\000u\000m\000e\000n\000t\000a\000t\000i\000o\000n}{}% 28
\BOOKMARK [2][-]{subsection.4.1}{\376\377\000A\000P\000I\000\040\000D\000e\000s\000i\000g\000n\000\040\000O\000v\000e\000r\000v\000i\000e\000w}{section.4}% 29
\BOOKMARK [3][-]{subsubsection.4.1.1}{\376\377\000S\000t\000a\000n\000d\000a\000r\000d\000\040\000R\000e\000s\000p\000o\000n\000s\000e\000\040\000F\000o\000r\000m\000a\000t}{subsection.4.1}% 30
\BOOKMARK [2][-]{subsection.4.2}{\376\377\000A\000P\000I\000\040\000E\000n\000d\000p\000o\000i\000n\000t\000s\000\040\000b\000y\000\040\000M\000o\000d\000u\000l\000e}{section.4}% 31
\BOOKMARK [3][-]{subsubsection.4.2.1}{\376\377\000A\000u\000t\000h\000e\000n\000t\000i\000c\000a\000t\000i\000o\000n\000\040\000\046\000\040\000U\000s\000e\000r\000\040\000M\000a\000n\000a\000g\000e\000m\000e\000n\000t}{subsection.4.2}% 32
\BOOKMARK [3][-]{subsubsection.4.2.2}{\376\377\000E\000l\000e\000c\000t\000i\000o\000n\000s\000\040\000S\000y\000s\000t\000e\000m}{subsection.4.2}% 33
\BOOKMARK [3][-]{subsubsection.4.2.3}{\376\377\000E\000v\000e\000n\000t\000s\000\040\000\046\000\040\000W\000o\000r\000k\000s\000h\000o\000p\000s}{subsection.4.2}% 34
\BOOKMARK [3][-]{subsubsection.4.2.4}{\376\377\000E\000v\000e\000n\000t\000s\000\040\000\046\000\040\000W\000o\000r\000k\000s\000h\000o\000p\000s}{subsection.4.2}% 35
\BOOKMARK [3][-]{subsubsection.4.2.5}{\376\377\000M\000e\000m\000b\000e\000r\000s\000h\000i\000p\000\040\000M\000a\000n\000a\000g\000e\000m\000e\000n\000t}{subsection.4.2}% 36
\BOOKMARK [3][-]{subsubsection.4.2.6}{\376\377\000G\000o\000v\000e\000r\000n\000a\000n\000c\000e\000\040\000\046\000\040\000E\000C\000\040\000M\000a\000n\000a\000g\000e\000m\000e\000n\000t}{subsection.4.2}% 37
\BOOKMARK [3][-]{subsubsection.4.2.7}{\376\377\000M\000e\000e\000t\000i\000n\000g\000s\000\040\000\046\000\040\000M\000i\000n\000u\000t\000e\000s}{subsection.4.2}% 38
\BOOKMARK [3][-]{subsubsection.4.2.8}{\376\377\000S\000o\000c\000i\000a\000l\000\040\000\046\000\040\000C\000o\000m\000m\000u\000n\000i\000c\000a\000t\000i\000o\000n}{subsection.4.2}% 39
\BOOKMARK [3][-]{subsubsection.4.2.9}{\376\377\000A\000d\000m\000i\000n\000\040\000\046\000\040\000M\000o\000d\000e\000r\000a\000t\000i\000o\000n}{subsection.4.2}% 40
\BOOKMARK [3][-]{subsubsection.4.2.10}{\376\377\000F\000i\000l\000e\000\040\000U\000p\000l\000o\000a\000d\000\040\000\046\000\040\000M\000e\000d\000i\000a}{subsection.4.2}% 41
\BOOKMARK [2][-]{subsection.4.3}{\376\377\000S\000a\000m\000p\000l\000e\000\040\000A\000P\000I\000\040\000R\000e\000q\000u\000e\000s\000t\000/\000R\000e\000s\000p\000o\000n\000s\000e\000\040\000E\000x\000a\000m\000p\000l\000e\000s}{section.4}% 42
\BOOKMARK [3][-]{subsubsection.4.3.1}{\376\377\000E\000x\000a\000m\000p\000l\000e\000\040\0001\000:\000\040\000U\000s\000e\000r\000\040\000L\000o\000g\000i\000n}{subsection.4.3}% 43
\BOOKMARK [1][-]{section.5}{\376\377\000A\000u\000t\000h\000e\000n\000t\000i\000c\000a\000t\000i\000o\000n\000\040\000\046\000\040\000S\000e\000c\000u\000r\000i\000t\000y}{}% 44
\BOOKMARK [2][-]{subsection.5.1}{\376\377\000A\000u\000t\000h\000e\000n\000t\000i\000c\000a\000t\000i\000o\000n\000\040\000S\000t\000r\000a\000t\000e\000g\000y}{section.5}% 45
\BOOKMARK [2][-]{subsection.5.2}{\376\377\000A\000u\000t\000h\000o\000r\000i\000z\000a\000t\000i\000o\000n\000\040\000\046\000\040\000R\000o\000l\000e\000\040\000M\000a\000n\000a\000g\000e\000m\000e\000n\000t}{section.5}% 46
\BOOKMARK [2][-]{subsection.5.3}{\376\377\000S\000e\000c\000u\000r\000i\000t\000y\000\040\000M\000e\000a\000s\000u\000r\000e\000s}{section.5}% 47
\BOOKMARK [2][-]{subsection.5.4}{\376\377\000K\000n\000o\000w\000n\000\040\000V\000u\000l\000n\000e\000r\000a\000b\000i\000l\000i\000t\000i\000e\000s\000\040\000\046\000\040\000M\000i\000t\000i\000g\000a\000t\000i\000o\000n\000s}{section.5}% 48
\BOOKMARK [1][-]{section.6}{\376\377\000T\000e\000s\000t\000i\000n\000g\000\040\000\046\000\040\000Q\000u\000a\000l\000i\000t\000y\000\040\000A\000s\000s\000u\000r\000a\000n\000c\000e}{}% 49
\BOOKMARK [2][-]{subsection.6.1}{\376\377\000T\000e\000s\000t\000i\000n\000g\000\040\000S\000t\000r\000a\000t\000e\000g\000y}{section.6}% 50
\BOOKMARK [2][-]{subsection.6.2}{\376\377\000T\000e\000s\000t\000\040\000S\000c\000e\000n\000a\000r\000i\000o\000s\000\040\000\046\000\040\000R\000e\000s\000u\000l\000t\000s}{section.6}% 51
\BOOKMARK [2][-]{subsection.6.3}{\376\377\000B\000u\000g\000\040\000T\000r\000a\000c\000k\000i\000n\000g\000\040\000\046\000\040\000R\000e\000s\000o\000l\000u\000t\000i\000o\000n}{section.6}% 52
\BOOKMARK [2][-]{subsection.6.4}{\376\377\000P\000e\000r\000f\000o\000r\000m\000a\000n\000c\000e\000\040\000T\000e\000s\000t\000i\000n\000g}{section.6}% 53
\BOOKMARK [1][-]{section.7}{\376\377\000C\000I\000/\000C\000D\000\040\000\046\000\040\000D\000e\000p\000l\000o\000y\000m\000e\000n\000t}{}% 54
\BOOKMARK [2][-]{subsection.7.1}{\376\377\000D\000e\000p\000l\000o\000y\000m\000e\000n\000t\000\040\000P\000i\000p\000e\000l\000i\000n\000e\000\040\000O\000v\000e\000r\000v\000i\000e\000w}{section.7}% 55
\BOOKMARK [2][-]{subsection.7.2}{\376\377\000E\000n\000v\000i\000r\000o\000n\000m\000e\000n\000t\000s}{section.7}% 56
\BOOKMARK [2][-]{subsection.7.3}{\376\377\000D\000e\000p\000l\000o\000y\000m\000e\000n\000t\000\040\000S\000t\000e\000p\000s}{section.7}% 57
\BOOKMARK [2][-]{subsection.7.4}{\376\377\000H\000e\000a\000l\000t\000h\000\040\000M\000o\000n\000i\000t\000o\000r\000i\000n\000g}{section.7}% 58
\BOOKMARK [2][-]{subsection.7.5}{\376\377\000B\000a\000c\000k\000u\000p\000\040\000\046\000\040\000R\000e\000c\000o\000v\000e\000r\000y}{section.7}% 59
\BOOKMARK [2][-]{subsection.7.6}{\376\377\000P\000r\000o\000d\000u\000c\000t\000i\000o\000n\000\040\000U\000R\000L}{section.7}% 60
\BOOKMARK [1][-]{section.8}{\376\377\000R\000e\000p\000o\000s\000i\000t\000o\000r\000y\000\040\000\046\000\040\000D\000o\000c\000u\000m\000e\000n\000t\000a\000t\000i\000o\000n\000\040\000Q\000u\000a\000l\000i\000t\000y}{}% 61
\BOOKMARK [2][-]{subsection.8.1}{\376\377\000B\000r\000a\000n\000c\000h\000i\000n\000g\000\040\000S\000t\000r\000a\000t\000e\000g\000y}{section.8}% 62
\BOOKMARK [2][-]{subsection.8.2}{\376\377\000R\000E\000A\000D\000M\000E\000\040\000C\000o\000m\000p\000l\000e\000t\000e\000n\000e\000s\000s}{section.8}% 63
\BOOKMARK [2][-]{subsection.8.3}{\376\377\000C\000o\000d\000e\000\040\000O\000r\000g\000a\000n\000i\000z\000a\000t\000i\000o\000n}{section.8}% 64
\BOOKMARK [2][-]{subsection.8.4}{\376\377\000L\000o\000c\000a\000l\000\040\000S\000e\000t\000u\000p\000\040\000I\000n\000s\000t\000r\000u\000c\000t\000i\000o\000n\000s}{section.8}% 65
\BOOKMARK [1][-]{section.9}{\376\377\000E\000v\000a\000l\000u\000a\000t\000i\000o\000n\000\040\000\046\000\040\000R\000e\000f\000l\000e\000c\000t\000i\000o\000n}{}% 66
\BOOKMARK [2][-]{subsection.9.1}{\376\377\000W\000e\000b\000\040\000P\000e\000r\000f\000o\000r\000m\000a\000n\000c\000e\000\040\000\046\000\040\000C\000o\000r\000e\000\040\000W\000e\000b\000\040\000V\000i\000t\000a\000l\000s}{section.9}% 67
\BOOKMARK [2][-]{subsection.9.2}{\376\377\000C\000h\000a\000l\000l\000e\000n\000g\000e\000s\000\040\000\046\000\040\000S\000o\000l\000u\000t\000i\000o\000n\000s}{section.9}% 68
\BOOKMARK [3][-]{subsubsection.9.2.1}{\376\377\000T\000e\000c\000h\000n\000i\000c\000a\000l\000\040\000C\000h\000a\000l\000l\000e\000n\000g\000e\000s}{subsection.9.2}% 69
\BOOKMARK [2][-]{subsection.9.3}{\376\377\000L\000i\000m\000i\000t\000a\000t\000i\000o\000n\000s\000\040\000\046\000\040\000F\000u\000t\000u\000r\000e\000\040\000W\000o\000r\000k}{section.9}% 70
\BOOKMARK [2][-]{subsection.9.4}{\376\377\000L\000e\000s\000s\000o\000n\000s\000\040\000L\000e\000a\000r\000n\000e\000d}{section.9}% 71
\BOOKMARK [1][-]{section.10}{\376\377\000C\000o\000n\000c\000l\000u\000s\000i\000o\000n}{}% 72
\BOOKMARK [1][-]{section.10}{\376\377\000A\000p\000p\000e\000n\000d\000i\000x\000\040\000A\000:\000\040\000S\000c\000r\000e\000e\000n\000s\000h\000o\000t\000s\000\040\000\046\000\040\000U\000I\000\040\000W\000a\000l\000k\000t\000h\000r\000o\000u\000g\000h}{}% 73
\BOOKMARK [1][-]{figure.78}{\376\377\000A\000p\000p\000e\000n\000d\000i\000x\000\040\000B\000:\000\040\000T\000e\000a\000m\000\040\000C\000o\000n\000t\000r\000i\000b\000u\000t\000i\000o\000n\000s}{}% 74
\BOOKMARK [1][-]{figure.78}{\376\377\000R\000e\000f\000e\000r\000e\000n\000c\000e\000s}{}% 75
